\GreenBit_Consensual\33_29_0\Live\pres_B_01\FLAT_MIDDLE_RIGHT.jpg
\GreenBit_Consensual\37_22_0\Live\pres_B_01\FLAT_LITTLE_RIGHT.jpg
\GreenBit_Consensual\39_23_1\Live\pres_B_01\FLAT_INDEX_RIGHT.jpg
\GreenBit_Consensual\45_23_0\Live\secc_A_02\FLAT_INDEX_RIGHT.jpg
\GreenBit_Consensual\53_23_0\Live\pres_B_01\FLAT_THUMB_RIGHT.jpg
\GreenBit_Consensual\53_23_0\Live\pres_B_01\FLAT_MIDDLE_RIGHT.jpg
